[Map]
author=Ronnie Higgins
warn=yes
image=Oklahoma.bmp
wrap=no
scroll=horizontal

[Continents]
Cheyenne=4
Seminole=5
Cherokee=3
Kiowa=4
Chickasaw=5
Choctaw=4
Creeks=1
Arapaho=7

[Territories]
Cimarron,49,30,Cheyenne,Texas
Texas,140,31,Cheyenne,Cimarron,Beaver
Beaver,226,32,Cheyenne,Texas,Ellis,Harper
Ellis,290,91,Cheyenne,Beaver,Harper,Woodward,Roger,Dewey
Harper,297,28,Cheyenne,Ellis,Beaver,Woodward,Woods
Woodward,335,68,Cheyenne,Ellis,Harper,Woods,Dewey,Major
Major,396,82,Cheyenne,Woodward,Dewey,Woods,Alfalfa,Blaine,Garfield
Dewey,355,115,Cheyenne,Ellis,Woodward,Blaine,Major,Custer
Blaine,406,122,Cheyenne,Major,Dewey,Custer,Kingfisher,Canadian,Caddo

Woods,373,30,Seminole,Woodward,Harper,Major,Alfalfa
Alfalfa,414,34,Seminole,Woods,Major,Grant,Garfield
Grant,460,28,Seminole,Alfalfa,Garfield,Kay
Kay,515,25,Seminole,Grant,Noble,Osage
Garfield,462,71,Seminole,Alfalfa,Grant,Noble,Major,Kingfisher,Logan
Noble,508,70,Seminole,Garfield,Pawnee,Payne,Logan,Kay,Osage
Pawnee,553,76,Seminole,Noble,Osage,Payne,Creek
Osage,577,38,Seminole,Pawnee,Creek,Noble,Kay,Tulsa,Washington

Washington,626,27,Cherokee,Osage,Tulsa,Rogers,Nowata
Tulsa,635,110,Cherokee,Washington,Osage,Creek,Okmulgee,Rogers,Mayes,Muskogee,Tahlequah
Tahlequah,702,118,Cherokee,Tulsa,Mayes,Delaware,Adair,Muskogee,Sequoyah
Sequoyah,726,164,Cherokee,Muskogee,Tahlequah,Adair,Haskell,LeFlore
Adair,732,130,Cherokee,Sequoyah,Tahlequah,Delaware
Delaware,718,51,Cherokee,Tahlequah,Adair,Mayes,Craig
Craig,684,29,Cherokee,Delaware,Mayes,Nowata,Rogers
Rogers,651,71,Cherokee,Mayes,Craig,Washington,Tulsa,Nowata
Mayes,682,79,Cherokee,Tulsa,Craig,Delaware,Tahlequah,Rogers
Nowata,650,29,Cherokee,Washington,Rogers,Craig

McIntosh,645,177,Creeks,Muskogee,Okmulgee,Haskell,Pittsburg,Hughes
Muskogee,670,145,Creeks,Okmulgee,McIntosh,Haskell,Sequoyah,Tahlequah,Tulsa
Okmulgee,619,146,Creeks,Muskogee,Tulsa,McIntosh,Creek

Haskell,693,197,Choctaw,Muskogee,McIntosh,LeFlore,Pittsburg,Latimer,Sequoyah
LeFlore,730,232,Choctaw,Haskell,Sequoyah,Latimer,Pushmataha,McCurtain
McCurtain,721,309,Choctaw,LeFlore,Pushmataha,Hugo
Hugo,659,319,Choctaw,Bryan,McCurtain,Pushmataha,Atoka
Pushmataha,669,280,Choctaw,McCurtain,Hugo,LeFlore,Latimer,Pittsburg,Atoka
Latimer,680,230,Choctaw,LeFlore,Haskell,Pittsburg,Pushmataha
Pittsburg,634,231,Choctaw,McIntosh,haskell,Latimer,Pushmataha,Atoka,Hughes
Atoka,614,291,Choctaw,Pittsburg,Coal,Pushmataha,Bryan,Hugo

Bryan,566,317,Chickasaw,Coal,Atoka,Hugo,Marshall,Pontotoc,Garvin
Marshall,508,321,Chickasaw,Bryan,Garvin,Jefferson
Jefferson,455,312,Chickasaw,Marshall,Garvin,Stephens,Cotton
Stephens,455,273,Chickasaw,Jefferson,Garvin,Grady,Comanche,Cotton
Garvin,507,270,Chickasaw,Jefferson,Stephens,Grady,Marshall,Bryan,Pontotoc,McClain
Coal,591,263,Chickasaw,Bryan,Atoka,Pontotoc,Hughes
Grady,453,218,Chickasaw,Stephens,Garvin,Comanche,Caddo,McClain,Canadian
McClain,484,217,Chickasaw,Grady,Garvin,Pontotoc,Cleveland,Pottawattomie
Pontotoc,555,248,Chickasaw,Hughes,Coal,Bryan,McClain,Pottawattomie,Garvin

Hughes,580,206,Arapaho,Pontotoc,Coal,Pittsburg,McIntosh,Creek,Pottawattomie
Creek,582,134,Arapaho,Tulsa,Pawnee,Osage,Payne,Okmulgee,Lincoln,Hughes,Pottawattomie
Pottawattomie,532,194,Arapaho,Hughes,Pontotoc,McClain,Cleveland,Lincoln,Creek,Oklahoma
Lincoln,540,143,Arapaho,Creek,Pottawattomie,Oklahoma,Logan,payne
Payne,533,105,Arapaho,Logan,Creek,Lincoln,Pawnee,Noble
Cleveland,500,194,Arapaho,McClain,Oklahoma,Pottawattomie,Canadian
Oklahoma,495,161,Arapaho,Cleveland,Logan,Canadian,Lincoln,Pottawattomie
Canadian,444,161,Arapaho,Cleveland,Oklahoma,Caddo,Blaine,Kingfisher,Grady
Logan,488,121,Arapaho,Oklahoma,Kingfisher,Payne,Lincoln,Garfield,Noble
Kingfisher,447,118,Arapaho,Logan,Canadian,Blaine,Garfield

Roger,292,151,Kiowa,Ellis,Custer,Beckham
Custer,356,151,Kiowa,Roger,Blaine,Caddo,Washita,Dewey
Beckham,295,192,Kiowa,Roger,Washita,Greer
Greer,301,244,Kiowa,Beckham,Hobart,Tillman
Washita,356,189,Kiowa,Beckham,Custer,Hobart,Caddo
Caddo,409,200,Kiowa,Custer,Washita,Hobart,Comanche,Grady,Canadian,Blaine
Hobart,355,225,Kiowa,Greer,Washita,Caddo,Comanche,Tillman
Tillman,361,283,Kiowa,Hobart,Greer,Cotton,Comanche
Comanche,402,256,Kiowa,Cotton,Caddo,Tillman,Hobart,Stephens,Grady
Cotton,407,295,Kiowa,Tillman,Comanche,Stephens,Jefferson
